14:21:14 **** Auto Build of configuration Debug for project mnist_cnn ****
make pre-build main-build 
a9-linaro-pre-build-step
' '
'Building file: ../src/main.c'
'Invoking: ARM v7 gcc compiler'
arm-none-eabi-gcc -Wall -O0 -g3 -c -fmessage-length=0 -MT"src/main.o" -mcpu=cortex-a9 -mfpu=vfpv3 -mfloat-abi=hard -I../../mnist_cnn_bsp/ps7_cortexa9_0/include -MMD -MP -MF"src/main.d" -MT"src/main.o" -o "src/main.o" "../src/main.c"
'Finished building: ../src/main.c'
' '
'Building target: mnist_cnn.elf'
'Invoking: ARM v7 gcc linker'
arm-none-eabi-gcc -mcpu=cortex-a9 -mfpu=vfpv3 -mfloat-abi=hard -Wl,-build-id=none -specs=Xilinx.spec -Wl,-T -Wl,../src/lscript.ld -L../../mnist_cnn_bsp/ps7_cortexa9_0/lib -o "mnist_cnn.elf"  ./src/main.o ./src/platform.o   -Wl,--start-group,-lxil,-lgcc,-lc,--end-group
'Finished building target: mnist_cnn.elf'
' '
'Invoking: ARM v7 Print Size'
arm-none-eabi-size mnist_cnn.elf  |tee "mnist_cnn.elf.size"
   text	   data	    bss	    dec	    hex	filename
  33168	   2320	  23288	  58776	   e598	mnist_cnn.elf
'Finished building: mnist_cnn.elf.size'
' '

14:21:15 Build Finished (took 915ms)

